[2026-02-25T00:00:01.964+0000] {processor.py:161} INFO - Started process (PID=351) to work on /opt/airflow/dags/coleta_dados_dag.py
[2026-02-25T00:00:01.964+0000] {processor.py:830} INFO - Processing file /opt/airflow/dags/coleta_dados_dag.py for tasks to queue
[2026-02-25T00:00:01.965+0000] {logging_mixin.py:188} INFO - [2026-02-25T00:00:01.965+0000] {dagbag.py:538} INFO - Filling up the DagBag from /opt/airflow/dags/coleta_dados_dag.py
[2026-02-25T00:00:01.975+0000] {processor.py:840} INFO - DAG(s) 'coleta_dados_bi' retrieved from /opt/airflow/dags/coleta_dados_dag.py
[2026-02-25T00:00:02.001+0000] {logging_mixin.py:188} INFO - [2026-02-25T00:00:02.001+0000] {dag.py:3033} INFO - Sync 1 DAGs
[2026-02-25T00:00:02.022+0000] {logging_mixin.py:188} INFO - [2026-02-25T00:00:02.022+0000] {dag.py:3820} INFO - Setting next_dagrun for coleta_dados_bi to 2026-02-24T07:00:00+00:00, run_after=2026-02-25T07:00:00+00:00
[2026-02-25T00:00:02.038+0000] {processor.py:183} INFO - Processing /opt/airflow/dags/coleta_dados_dag.py took 0.078 seconds
[2026-02-25T00:00:32.078+0000] {processor.py:161} INFO - Started process (PID=356) to work on /opt/airflow/dags/coleta_dados_dag.py
[2026-02-25T00:00:32.078+0000] {processor.py:830} INFO - Processing file /opt/airflow/dags/coleta_dados_dag.py for tasks to queue
[2026-02-25T00:00:32.079+0000] {logging_mixin.py:188} INFO - [2026-02-25T00:00:32.079+0000] {dagbag.py:538} INFO - Filling up the DagBag from /opt/airflow/dags/coleta_dados_dag.py
[2026-02-25T00:00:32.091+0000] {processor.py:840} INFO - DAG(s) 'coleta_dados_bi' retrieved from /opt/airflow/dags/coleta_dados_dag.py
[2026-02-25T00:00:32.118+0000] {logging_mixin.py:188} INFO - [2026-02-25T00:00:32.118+0000] {dag.py:3033} INFO - Sync 1 DAGs
[2026-02-25T00:00:32.142+0000] {logging_mixin.py:188} INFO - [2026-02-25T00:00:32.142+0000] {dag.py:3820} INFO - Setting next_dagrun for coleta_dados_bi to 2026-02-24T07:00:00+00:00, run_after=2026-02-25T07:00:00+00:00
[2026-02-25T00:00:32.157+0000] {processor.py:183} INFO - Processing /opt/airflow/dags/coleta_dados_dag.py took 0.082 seconds
[2026-02-25T00:01:02.259+0000] {processor.py:161} INFO - Started process (PID=361) to work on /opt/airflow/dags/coleta_dados_dag.py
[2026-02-25T00:01:02.260+0000] {processor.py:830} INFO - Processing file /opt/airflow/dags/coleta_dados_dag.py for tasks to queue
[2026-02-25T00:01:02.260+0000] {logging_mixin.py:188} INFO - [2026-02-25T00:01:02.260+0000] {dagbag.py:538} INFO - Filling up the DagBag from /opt/airflow/dags/coleta_dados_dag.py
[2026-02-25T00:01:02.270+0000] {processor.py:840} INFO - DAG(s) 'coleta_dados_bi' retrieved from /opt/airflow/dags/coleta_dados_dag.py
[2026-02-25T00:01:02.294+0000] {logging_mixin.py:188} INFO - [2026-02-25T00:01:02.294+0000] {dag.py:3033} INFO - Sync 1 DAGs
[2026-02-25T00:01:02.316+0000] {logging_mixin.py:188} INFO - [2026-02-25T00:01:02.316+0000] {dag.py:3820} INFO - Setting next_dagrun for coleta_dados_bi to 2026-02-24T07:00:00+00:00, run_after=2026-02-25T07:00:00+00:00
[2026-02-25T00:01:02.330+0000] {processor.py:183} INFO - Processing /opt/airflow/dags/coleta_dados_dag.py took 0.074 seconds
[2026-02-25T00:01:32.385+0000] {processor.py:161} INFO - Started process (PID=366) to work on /opt/airflow/dags/coleta_dados_dag.py
[2026-02-25T00:01:32.386+0000] {processor.py:830} INFO - Processing file /opt/airflow/dags/coleta_dados_dag.py for tasks to queue
[2026-02-25T00:01:32.386+0000] {logging_mixin.py:188} INFO - [2026-02-25T00:01:32.386+0000] {dagbag.py:538} INFO - Filling up the DagBag from /opt/airflow/dags/coleta_dados_dag.py
[2026-02-25T00:01:32.396+0000] {processor.py:840} INFO - DAG(s) 'coleta_dados_bi' retrieved from /opt/airflow/dags/coleta_dados_dag.py
[2026-02-25T00:01:32.422+0000] {logging_mixin.py:188} INFO - [2026-02-25T00:01:32.422+0000] {dag.py:3033} INFO - Sync 1 DAGs
[2026-02-25T00:01:32.447+0000] {logging_mixin.py:188} INFO - [2026-02-25T00:01:32.447+0000] {dag.py:3820} INFO - Setting next_dagrun for coleta_dados_bi to 2026-02-24T07:00:00+00:00, run_after=2026-02-25T07:00:00+00:00
[2026-02-25T00:01:32.462+0000] {processor.py:183} INFO - Processing /opt/airflow/dags/coleta_dados_dag.py took 0.080 seconds
[2026-02-25T00:02:02.559+0000] {processor.py:161} INFO - Started process (PID=371) to work on /opt/airflow/dags/coleta_dados_dag.py
[2026-02-25T00:02:02.560+0000] {processor.py:830} INFO - Processing file /opt/airflow/dags/coleta_dados_dag.py for tasks to queue
[2026-02-25T00:02:02.560+0000] {logging_mixin.py:188} INFO - [2026-02-25T00:02:02.560+0000] {dagbag.py:538} INFO - Filling up the DagBag from /opt/airflow/dags/coleta_dados_dag.py
[2026-02-25T00:02:02.571+0000] {processor.py:840} INFO - DAG(s) 'coleta_dados_bi' retrieved from /opt/airflow/dags/coleta_dados_dag.py
[2026-02-25T00:02:02.595+0000] {logging_mixin.py:188} INFO - [2026-02-25T00:02:02.595+0000] {dag.py:3033} INFO - Sync 1 DAGs
[2026-02-25T00:02:02.615+0000] {logging_mixin.py:188} INFO - [2026-02-25T00:02:02.615+0000] {dag.py:3820} INFO - Setting next_dagrun for coleta_dados_bi to 2026-02-24T07:00:00+00:00, run_after=2026-02-25T07:00:00+00:00
[2026-02-25T00:02:02.631+0000] {processor.py:183} INFO - Processing /opt/airflow/dags/coleta_dados_dag.py took 0.075 seconds
[2026-02-25T00:02:32.672+0000] {processor.py:161} INFO - Started process (PID=376) to work on /opt/airflow/dags/coleta_dados_dag.py
[2026-02-25T00:02:32.673+0000] {processor.py:830} INFO - Processing file /opt/airflow/dags/coleta_dados_dag.py for tasks to queue
[2026-02-25T00:02:32.673+0000] {logging_mixin.py:188} INFO - [2026-02-25T00:02:32.673+0000] {dagbag.py:538} INFO - Filling up the DagBag from /opt/airflow/dags/coleta_dados_dag.py
[2026-02-25T00:02:32.684+0000] {processor.py:840} INFO - DAG(s) 'coleta_dados_bi' retrieved from /opt/airflow/dags/coleta_dados_dag.py
[2026-02-25T00:02:32.712+0000] {logging_mixin.py:188} INFO - [2026-02-25T00:02:32.712+0000] {dag.py:3033} INFO - Sync 1 DAGs
[2026-02-25T00:02:32.733+0000] {logging_mixin.py:188} INFO - [2026-02-25T00:02:32.733+0000] {dag.py:3820} INFO - Setting next_dagrun for coleta_dados_bi to 2026-02-24T07:00:00+00:00, run_after=2026-02-25T07:00:00+00:00
[2026-02-25T00:02:32.748+0000] {processor.py:183} INFO - Processing /opt/airflow/dags/coleta_dados_dag.py took 0.078 seconds
[2026-02-25T00:03:02.849+0000] {processor.py:161} INFO - Started process (PID=383) to work on /opt/airflow/dags/coleta_dados_dag.py
[2026-02-25T00:03:02.850+0000] {processor.py:830} INFO - Processing file /opt/airflow/dags/coleta_dados_dag.py for tasks to queue
[2026-02-25T00:03:02.850+0000] {logging_mixin.py:188} INFO - [2026-02-25T00:03:02.850+0000] {dagbag.py:538} INFO - Filling up the DagBag from /opt/airflow/dags/coleta_dados_dag.py
[2026-02-25T00:03:02.860+0000] {processor.py:840} INFO - DAG(s) 'coleta_dados_bi' retrieved from /opt/airflow/dags/coleta_dados_dag.py
[2026-02-25T00:03:02.884+0000] {logging_mixin.py:188} INFO - [2026-02-25T00:03:02.884+0000] {dag.py:3033} INFO - Sync 1 DAGs
[2026-02-25T00:03:02.905+0000] {logging_mixin.py:188} INFO - [2026-02-25T00:03:02.905+0000] {dag.py:3820} INFO - Setting next_dagrun for coleta_dados_bi to 2026-02-24T07:00:00+00:00, run_after=2026-02-25T07:00:00+00:00
[2026-02-25T00:03:02.920+0000] {processor.py:183} INFO - Processing /opt/airflow/dags/coleta_dados_dag.py took 0.074 seconds
[2026-02-25T00:03:32.984+0000] {processor.py:161} INFO - Started process (PID=390) to work on /opt/airflow/dags/coleta_dados_dag.py
[2026-02-25T00:03:32.985+0000] {processor.py:830} INFO - Processing file /opt/airflow/dags/coleta_dados_dag.py for tasks to queue
[2026-02-25T00:03:32.986+0000] {logging_mixin.py:188} INFO - [2026-02-25T00:03:32.985+0000] {dagbag.py:538} INFO - Filling up the DagBag from /opt/airflow/dags/coleta_dados_dag.py
[2026-02-25T00:03:32.996+0000] {processor.py:840} INFO - DAG(s) 'coleta_dados_bi' retrieved from /opt/airflow/dags/coleta_dados_dag.py
[2026-02-25T00:03:33.023+0000] {logging_mixin.py:188} INFO - [2026-02-25T00:03:33.022+0000] {dag.py:3033} INFO - Sync 1 DAGs
[2026-02-25T00:03:33.044+0000] {logging_mixin.py:188} INFO - [2026-02-25T00:03:33.044+0000] {dag.py:3820} INFO - Setting next_dagrun for coleta_dados_bi to 2026-02-24T07:00:00+00:00, run_after=2026-02-25T07:00:00+00:00
[2026-02-25T00:03:33.063+0000] {processor.py:183} INFO - Processing /opt/airflow/dags/coleta_dados_dag.py took 0.081 seconds
[2026-02-25T00:04:03.143+0000] {processor.py:161} INFO - Started process (PID=395) to work on /opt/airflow/dags/coleta_dados_dag.py
[2026-02-25T00:04:03.144+0000] {processor.py:830} INFO - Processing file /opt/airflow/dags/coleta_dados_dag.py for tasks to queue
[2026-02-25T00:04:03.144+0000] {logging_mixin.py:188} INFO - [2026-02-25T00:04:03.144+0000] {dagbag.py:538} INFO - Filling up the DagBag from /opt/airflow/dags/coleta_dados_dag.py
[2026-02-25T00:04:03.154+0000] {processor.py:840} INFO - DAG(s) 'coleta_dados_bi' retrieved from /opt/airflow/dags/coleta_dados_dag.py
[2026-02-25T00:04:03.180+0000] {logging_mixin.py:188} INFO - [2026-02-25T00:04:03.180+0000] {dag.py:3033} INFO - Sync 1 DAGs
[2026-02-25T00:04:03.199+0000] {logging_mixin.py:188} INFO - [2026-02-25T00:04:03.199+0000] {dag.py:3820} INFO - Setting next_dagrun for coleta_dados_bi to 2026-02-24T07:00:00+00:00, run_after=2026-02-25T07:00:00+00:00
[2026-02-25T00:04:03.214+0000] {processor.py:183} INFO - Processing /opt/airflow/dags/coleta_dados_dag.py took 0.073 seconds
[2026-02-25T00:04:33.275+0000] {processor.py:161} INFO - Started process (PID=402) to work on /opt/airflow/dags/coleta_dados_dag.py
[2026-02-25T00:04:33.276+0000] {processor.py:830} INFO - Processing file /opt/airflow/dags/coleta_dados_dag.py for tasks to queue
[2026-02-25T00:04:33.276+0000] {logging_mixin.py:188} INFO - [2026-02-25T00:04:33.276+0000] {dagbag.py:538} INFO - Filling up the DagBag from /opt/airflow/dags/coleta_dados_dag.py
[2026-02-25T00:04:33.286+0000] {processor.py:840} INFO - DAG(s) 'coleta_dados_bi' retrieved from /opt/airflow/dags/coleta_dados_dag.py
[2026-02-25T00:04:33.312+0000] {logging_mixin.py:188} INFO - [2026-02-25T00:04:33.312+0000] {dag.py:3033} INFO - Sync 1 DAGs
[2026-02-25T00:04:33.332+0000] {logging_mixin.py:188} INFO - [2026-02-25T00:04:33.332+0000] {dag.py:3820} INFO - Setting next_dagrun for coleta_dados_bi to 2026-02-24T07:00:00+00:00, run_after=2026-02-25T07:00:00+00:00
[2026-02-25T00:04:33.347+0000] {processor.py:183} INFO - Processing /opt/airflow/dags/coleta_dados_dag.py took 0.075 seconds
[2026-02-25T00:05:03.426+0000] {processor.py:161} INFO - Started process (PID=407) to work on /opt/airflow/dags/coleta_dados_dag.py
[2026-02-25T00:05:03.427+0000] {processor.py:830} INFO - Processing file /opt/airflow/dags/coleta_dados_dag.py for tasks to queue
[2026-02-25T00:05:03.428+0000] {logging_mixin.py:188} INFO - [2026-02-25T00:05:03.427+0000] {dagbag.py:538} INFO - Filling up the DagBag from /opt/airflow/dags/coleta_dados_dag.py
[2026-02-25T00:05:03.443+0000] {processor.py:840} INFO - DAG(s) 'coleta_dados_bi' retrieved from /opt/airflow/dags/coleta_dados_dag.py
[2026-02-25T00:05:03.480+0000] {logging_mixin.py:188} INFO - [2026-02-25T00:05:03.480+0000] {dag.py:3033} INFO - Sync 1 DAGs
[2026-02-25T00:05:03.508+0000] {logging_mixin.py:188} INFO - [2026-02-25T00:05:03.508+0000] {dag.py:3820} INFO - Setting next_dagrun for coleta_dados_bi to 2026-02-24T07:00:00+00:00, run_after=2026-02-25T07:00:00+00:00
[2026-02-25T00:05:03.523+0000] {processor.py:183} INFO - Processing /opt/airflow/dags/coleta_dados_dag.py took 0.100 seconds
[2026-02-25T00:05:33.590+0000] {processor.py:161} INFO - Started process (PID=412) to work on /opt/airflow/dags/coleta_dados_dag.py
[2026-02-25T00:05:33.591+0000] {processor.py:830} INFO - Processing file /opt/airflow/dags/coleta_dados_dag.py for tasks to queue
[2026-02-25T00:05:33.592+0000] {logging_mixin.py:188} INFO - [2026-02-25T00:05:33.592+0000] {dagbag.py:538} INFO - Filling up the DagBag from /opt/airflow/dags/coleta_dados_dag.py
[2026-02-25T00:05:33.607+0000] {processor.py:840} INFO - DAG(s) 'coleta_dados_bi' retrieved from /opt/airflow/dags/coleta_dados_dag.py
[2026-02-25T00:05:33.644+0000] {logging_mixin.py:188} INFO - [2026-02-25T00:05:33.644+0000] {dag.py:3033} INFO - Sync 1 DAGs
[2026-02-25T00:05:33.666+0000] {logging_mixin.py:188} INFO - [2026-02-25T00:05:33.666+0000] {dag.py:3820} INFO - Setting next_dagrun for coleta_dados_bi to 2026-02-24T07:00:00+00:00, run_after=2026-02-25T07:00:00+00:00
[2026-02-25T00:05:33.680+0000] {processor.py:183} INFO - Processing /opt/airflow/dags/coleta_dados_dag.py took 0.094 seconds
[2026-02-25T00:06:03.749+0000] {processor.py:161} INFO - Started process (PID=417) to work on /opt/airflow/dags/coleta_dados_dag.py
[2026-02-25T00:06:03.750+0000] {processor.py:830} INFO - Processing file /opt/airflow/dags/coleta_dados_dag.py for tasks to queue
[2026-02-25T00:06:03.750+0000] {logging_mixin.py:188} INFO - [2026-02-25T00:06:03.750+0000] {dagbag.py:538} INFO - Filling up the DagBag from /opt/airflow/dags/coleta_dados_dag.py
[2026-02-25T00:06:03.760+0000] {processor.py:840} INFO - DAG(s) 'coleta_dados_bi' retrieved from /opt/airflow/dags/coleta_dados_dag.py
[2026-02-25T00:06:03.786+0000] {logging_mixin.py:188} INFO - [2026-02-25T00:06:03.786+0000] {dag.py:3033} INFO - Sync 1 DAGs
[2026-02-25T00:06:03.810+0000] {logging_mixin.py:188} INFO - [2026-02-25T00:06:03.810+0000] {dag.py:3820} INFO - Setting next_dagrun for coleta_dados_bi to 2026-02-24T07:00:00+00:00, run_after=2026-02-25T07:00:00+00:00
[2026-02-25T00:06:03.831+0000] {processor.py:183} INFO - Processing /opt/airflow/dags/coleta_dados_dag.py took 0.084 seconds
[2026-02-25T00:06:33.937+0000] {processor.py:161} INFO - Started process (PID=424) to work on /opt/airflow/dags/coleta_dados_dag.py
[2026-02-25T00:06:33.937+0000] {processor.py:830} INFO - Processing file /opt/airflow/dags/coleta_dados_dag.py for tasks to queue
[2026-02-25T00:06:33.938+0000] {logging_mixin.py:188} INFO - [2026-02-25T00:06:33.938+0000] {dagbag.py:538} INFO - Filling up the DagBag from /opt/airflow/dags/coleta_dados_dag.py
[2026-02-25T00:06:33.948+0000] {processor.py:840} INFO - DAG(s) 'coleta_dados_bi' retrieved from /opt/airflow/dags/coleta_dados_dag.py
[2026-02-25T00:06:33.972+0000] {logging_mixin.py:188} INFO - [2026-02-25T00:06:33.972+0000] {dag.py:3033} INFO - Sync 1 DAGs
[2026-02-25T00:06:33.993+0000] {logging_mixin.py:188} INFO - [2026-02-25T00:06:33.992+0000] {dag.py:3820} INFO - Setting next_dagrun for coleta_dados_bi to 2026-02-24T07:00:00+00:00, run_after=2026-02-25T07:00:00+00:00
[2026-02-25T00:06:34.011+0000] {processor.py:183} INFO - Processing /opt/airflow/dags/coleta_dados_dag.py took 0.077 seconds
[2026-02-25T00:07:04.061+0000] {processor.py:161} INFO - Started process (PID=429) to work on /opt/airflow/dags/coleta_dados_dag.py
[2026-02-25T00:07:04.061+0000] {processor.py:830} INFO - Processing file /opt/airflow/dags/coleta_dados_dag.py for tasks to queue
[2026-02-25T00:07:04.062+0000] {logging_mixin.py:188} INFO - [2026-02-25T00:07:04.062+0000] {dagbag.py:538} INFO - Filling up the DagBag from /opt/airflow/dags/coleta_dados_dag.py
[2026-02-25T00:07:04.072+0000] {processor.py:840} INFO - DAG(s) 'coleta_dados_bi' retrieved from /opt/airflow/dags/coleta_dados_dag.py
[2026-02-25T00:07:04.097+0000] {logging_mixin.py:188} INFO - [2026-02-25T00:07:04.096+0000] {dag.py:3033} INFO - Sync 1 DAGs
[2026-02-25T00:07:04.118+0000] {logging_mixin.py:188} INFO - [2026-02-25T00:07:04.118+0000] {dag.py:3820} INFO - Setting next_dagrun for coleta_dados_bi to 2026-02-24T07:00:00+00:00, run_after=2026-02-25T07:00:00+00:00
[2026-02-25T00:07:04.133+0000] {processor.py:183} INFO - Processing /opt/airflow/dags/coleta_dados_dag.py took 0.074 seconds
[2026-02-25T00:07:34.225+0000] {processor.py:161} INFO - Started process (PID=434) to work on /opt/airflow/dags/coleta_dados_dag.py
[2026-02-25T00:07:34.226+0000] {processor.py:830} INFO - Processing file /opt/airflow/dags/coleta_dados_dag.py for tasks to queue
[2026-02-25T00:07:34.226+0000] {logging_mixin.py:188} INFO - [2026-02-25T00:07:34.226+0000] {dagbag.py:538} INFO - Filling up the DagBag from /opt/airflow/dags/coleta_dados_dag.py
[2026-02-25T00:07:34.236+0000] {processor.py:840} INFO - DAG(s) 'coleta_dados_bi' retrieved from /opt/airflow/dags/coleta_dados_dag.py
[2026-02-25T00:07:34.260+0000] {logging_mixin.py:188} INFO - [2026-02-25T00:07:34.260+0000] {dag.py:3033} INFO - Sync 1 DAGs
[2026-02-25T00:07:34.280+0000] {logging_mixin.py:188} INFO - [2026-02-25T00:07:34.280+0000] {dag.py:3820} INFO - Setting next_dagrun for coleta_dados_bi to 2026-02-24T07:00:00+00:00, run_after=2026-02-25T07:00:00+00:00
[2026-02-25T00:07:34.294+0000] {processor.py:183} INFO - Processing /opt/airflow/dags/coleta_dados_dag.py took 0.072 seconds
