[2026-02-24T23:43:56.319+0000] {processor.py:161} INFO - Started process (PID=176) to work on /opt/airflow/dags/coleta_dados_dag.py
[2026-02-24T23:43:56.320+0000] {processor.py:830} INFO - Processing file /opt/airflow/dags/coleta_dados_dag.py for tasks to queue
[2026-02-24T23:43:56.324+0000] {logging_mixin.py:188} INFO - [2026-02-24T23:43:56.324+0000] {dagbag.py:538} INFO - Filling up the DagBag from /opt/airflow/dags/coleta_dados_dag.py
[2026-02-24T23:43:56.372+0000] {processor.py:840} INFO - DAG(s) 'coleta_dados_bi' retrieved from /opt/airflow/dags/coleta_dados_dag.py
[2026-02-24T23:43:57.005+0000] {logging_mixin.py:188} INFO - [2026-02-24T23:43:57.005+0000] {dag.py:3033} INFO - Sync 1 DAGs
[2026-02-24T23:43:57.040+0000] {logging_mixin.py:188} INFO - [2026-02-24T23:43:57.040+0000] {dag.py:3820} INFO - Setting next_dagrun for coleta_dados_bi to 2026-02-24T07:00:00+00:00, run_after=2026-02-25T07:00:00+00:00
[2026-02-24T23:43:57.082+0000] {processor.py:183} INFO - Processing /opt/airflow/dags/coleta_dados_dag.py took 0.776 seconds
[2026-02-24T23:44:27.232+0000] {processor.py:161} INFO - Started process (PID=184) to work on /opt/airflow/dags/coleta_dados_dag.py
[2026-02-24T23:44:27.233+0000] {processor.py:830} INFO - Processing file /opt/airflow/dags/coleta_dados_dag.py for tasks to queue
[2026-02-24T23:44:27.233+0000] {logging_mixin.py:188} INFO - [2026-02-24T23:44:27.233+0000] {dagbag.py:538} INFO - Filling up the DagBag from /opt/airflow/dags/coleta_dados_dag.py
[2026-02-24T23:44:27.245+0000] {processor.py:840} INFO - DAG(s) 'coleta_dados_bi' retrieved from /opt/airflow/dags/coleta_dados_dag.py
[2026-02-24T23:44:27.272+0000] {logging_mixin.py:188} INFO - [2026-02-24T23:44:27.271+0000] {dag.py:3033} INFO - Sync 1 DAGs
[2026-02-24T23:44:27.295+0000] {logging_mixin.py:188} INFO - [2026-02-24T23:44:27.295+0000] {dag.py:3820} INFO - Setting next_dagrun for coleta_dados_bi to 2026-02-24T07:00:00+00:00, run_after=2026-02-25T07:00:00+00:00
[2026-02-24T23:44:27.310+0000] {processor.py:183} INFO - Processing /opt/airflow/dags/coleta_dados_dag.py took 0.081 seconds
[2026-02-24T23:44:57.348+0000] {processor.py:161} INFO - Started process (PID=189) to work on /opt/airflow/dags/coleta_dados_dag.py
[2026-02-24T23:44:57.348+0000] {processor.py:830} INFO - Processing file /opt/airflow/dags/coleta_dados_dag.py for tasks to queue
[2026-02-24T23:44:57.349+0000] {logging_mixin.py:188} INFO - [2026-02-24T23:44:57.349+0000] {dagbag.py:538} INFO - Filling up the DagBag from /opt/airflow/dags/coleta_dados_dag.py
[2026-02-24T23:44:57.359+0000] {processor.py:840} INFO - DAG(s) 'coleta_dados_bi' retrieved from /opt/airflow/dags/coleta_dados_dag.py
[2026-02-24T23:44:57.385+0000] {logging_mixin.py:188} INFO - [2026-02-24T23:44:57.385+0000] {dag.py:3033} INFO - Sync 1 DAGs
[2026-02-24T23:44:57.404+0000] {logging_mixin.py:188} INFO - [2026-02-24T23:44:57.403+0000] {dag.py:3820} INFO - Setting next_dagrun for coleta_dados_bi to 2026-02-24T07:00:00+00:00, run_after=2026-02-25T07:00:00+00:00
[2026-02-24T23:44:57.419+0000] {processor.py:183} INFO - Processing /opt/airflow/dags/coleta_dados_dag.py took 0.073 seconds
[2026-02-24T23:45:27.532+0000] {processor.py:161} INFO - Started process (PID=194) to work on /opt/airflow/dags/coleta_dados_dag.py
[2026-02-24T23:45:27.533+0000] {processor.py:830} INFO - Processing file /opt/airflow/dags/coleta_dados_dag.py for tasks to queue
[2026-02-24T23:45:27.534+0000] {logging_mixin.py:188} INFO - [2026-02-24T23:45:27.534+0000] {dagbag.py:538} INFO - Filling up the DagBag from /opt/airflow/dags/coleta_dados_dag.py
[2026-02-24T23:45:27.544+0000] {processor.py:840} INFO - DAG(s) 'coleta_dados_bi' retrieved from /opt/airflow/dags/coleta_dados_dag.py
[2026-02-24T23:45:27.571+0000] {logging_mixin.py:188} INFO - [2026-02-24T23:45:27.571+0000] {dag.py:3033} INFO - Sync 1 DAGs
[2026-02-24T23:45:27.594+0000] {logging_mixin.py:188} INFO - [2026-02-24T23:45:27.594+0000] {dag.py:3820} INFO - Setting next_dagrun for coleta_dados_bi to 2026-02-24T07:00:00+00:00, run_after=2026-02-25T07:00:00+00:00
[2026-02-24T23:45:27.609+0000] {processor.py:183} INFO - Processing /opt/airflow/dags/coleta_dados_dag.py took 0.080 seconds
[2026-02-24T23:45:57.651+0000] {processor.py:161} INFO - Started process (PID=199) to work on /opt/airflow/dags/coleta_dados_dag.py
[2026-02-24T23:45:57.651+0000] {processor.py:830} INFO - Processing file /opt/airflow/dags/coleta_dados_dag.py for tasks to queue
[2026-02-24T23:45:57.652+0000] {logging_mixin.py:188} INFO - [2026-02-24T23:45:57.651+0000] {dagbag.py:538} INFO - Filling up the DagBag from /opt/airflow/dags/coleta_dados_dag.py
[2026-02-24T23:45:57.662+0000] {processor.py:840} INFO - DAG(s) 'coleta_dados_bi' retrieved from /opt/airflow/dags/coleta_dados_dag.py
[2026-02-24T23:45:57.686+0000] {logging_mixin.py:188} INFO - [2026-02-24T23:45:57.686+0000] {dag.py:3033} INFO - Sync 1 DAGs
[2026-02-24T23:45:57.705+0000] {logging_mixin.py:188} INFO - [2026-02-24T23:45:57.705+0000] {dag.py:3820} INFO - Setting next_dagrun for coleta_dados_bi to 2026-02-24T07:00:00+00:00, run_after=2026-02-25T07:00:00+00:00
[2026-02-24T23:45:57.719+0000] {processor.py:183} INFO - Processing /opt/airflow/dags/coleta_dados_dag.py took 0.071 seconds
[2026-02-24T23:46:27.837+0000] {processor.py:161} INFO - Started process (PID=204) to work on /opt/airflow/dags/coleta_dados_dag.py
[2026-02-24T23:46:27.838+0000] {processor.py:830} INFO - Processing file /opt/airflow/dags/coleta_dados_dag.py for tasks to queue
[2026-02-24T23:46:27.838+0000] {logging_mixin.py:188} INFO - [2026-02-24T23:46:27.838+0000] {dagbag.py:538} INFO - Filling up the DagBag from /opt/airflow/dags/coleta_dados_dag.py
[2026-02-24T23:46:27.848+0000] {processor.py:840} INFO - DAG(s) 'coleta_dados_bi' retrieved from /opt/airflow/dags/coleta_dados_dag.py
[2026-02-24T23:46:27.872+0000] {logging_mixin.py:188} INFO - [2026-02-24T23:46:27.872+0000] {dag.py:3033} INFO - Sync 1 DAGs
[2026-02-24T23:46:27.892+0000] {logging_mixin.py:188} INFO - [2026-02-24T23:46:27.892+0000] {dag.py:3820} INFO - Setting next_dagrun for coleta_dados_bi to 2026-02-24T07:00:00+00:00, run_after=2026-02-25T07:00:00+00:00
[2026-02-24T23:46:27.907+0000] {processor.py:183} INFO - Processing /opt/airflow/dags/coleta_dados_dag.py took 0.073 seconds
[2026-02-24T23:46:57.955+0000] {processor.py:161} INFO - Started process (PID=209) to work on /opt/airflow/dags/coleta_dados_dag.py
[2026-02-24T23:46:57.955+0000] {processor.py:830} INFO - Processing file /opt/airflow/dags/coleta_dados_dag.py for tasks to queue
[2026-02-24T23:46:57.956+0000] {logging_mixin.py:188} INFO - [2026-02-24T23:46:57.955+0000] {dagbag.py:538} INFO - Filling up the DagBag from /opt/airflow/dags/coleta_dados_dag.py
[2026-02-24T23:46:57.966+0000] {processor.py:840} INFO - DAG(s) 'coleta_dados_bi' retrieved from /opt/airflow/dags/coleta_dados_dag.py
[2026-02-24T23:46:57.990+0000] {logging_mixin.py:188} INFO - [2026-02-24T23:46:57.990+0000] {dag.py:3033} INFO - Sync 1 DAGs
[2026-02-24T23:46:58.011+0000] {logging_mixin.py:188} INFO - [2026-02-24T23:46:58.011+0000] {dag.py:3820} INFO - Setting next_dagrun for coleta_dados_bi to 2026-02-24T07:00:00+00:00, run_after=2026-02-25T07:00:00+00:00
[2026-02-24T23:46:58.025+0000] {processor.py:183} INFO - Processing /opt/airflow/dags/coleta_dados_dag.py took 0.073 seconds
[2026-02-24T23:47:28.124+0000] {processor.py:161} INFO - Started process (PID=214) to work on /opt/airflow/dags/coleta_dados_dag.py
[2026-02-24T23:47:28.125+0000] {processor.py:830} INFO - Processing file /opt/airflow/dags/coleta_dados_dag.py for tasks to queue
[2026-02-24T23:47:28.125+0000] {logging_mixin.py:188} INFO - [2026-02-24T23:47:28.125+0000] {dagbag.py:538} INFO - Filling up the DagBag from /opt/airflow/dags/coleta_dados_dag.py
[2026-02-24T23:47:28.136+0000] {processor.py:840} INFO - DAG(s) 'coleta_dados_bi' retrieved from /opt/airflow/dags/coleta_dados_dag.py
[2026-02-24T23:47:28.160+0000] {logging_mixin.py:188} INFO - [2026-02-24T23:47:28.160+0000] {dag.py:3033} INFO - Sync 1 DAGs
[2026-02-24T23:47:28.181+0000] {logging_mixin.py:188} INFO - [2026-02-24T23:47:28.181+0000] {dag.py:3820} INFO - Setting next_dagrun for coleta_dados_bi to 2026-02-24T07:00:00+00:00, run_after=2026-02-25T07:00:00+00:00
[2026-02-24T23:47:28.195+0000] {processor.py:183} INFO - Processing /opt/airflow/dags/coleta_dados_dag.py took 0.074 seconds
[2026-02-24T23:47:58.279+0000] {processor.py:161} INFO - Started process (PID=219) to work on /opt/airflow/dags/coleta_dados_dag.py
[2026-02-24T23:47:58.281+0000] {processor.py:830} INFO - Processing file /opt/airflow/dags/coleta_dados_dag.py for tasks to queue
[2026-02-24T23:47:58.284+0000] {logging_mixin.py:188} INFO - [2026-02-24T23:47:58.283+0000] {dagbag.py:538} INFO - Filling up the DagBag from /opt/airflow/dags/coleta_dados_dag.py
[2026-02-24T23:47:58.311+0000] {processor.py:840} INFO - DAG(s) 'coleta_dados_bi' retrieved from /opt/airflow/dags/coleta_dados_dag.py
[2026-02-24T23:47:58.353+0000] {logging_mixin.py:188} INFO - [2026-02-24T23:47:58.353+0000] {dag.py:3033} INFO - Sync 1 DAGs
[2026-02-24T23:47:58.372+0000] {logging_mixin.py:188} INFO - [2026-02-24T23:47:58.372+0000] {dag.py:3820} INFO - Setting next_dagrun for coleta_dados_bi to 2026-02-24T07:00:00+00:00, run_after=2026-02-25T07:00:00+00:00
[2026-02-24T23:47:58.386+0000] {processor.py:183} INFO - Processing /opt/airflow/dags/coleta_dados_dag.py took 0.115 seconds
[2026-02-24T23:48:28.411+0000] {processor.py:161} INFO - Started process (PID=224) to work on /opt/airflow/dags/coleta_dados_dag.py
[2026-02-24T23:48:28.411+0000] {processor.py:830} INFO - Processing file /opt/airflow/dags/coleta_dados_dag.py for tasks to queue
[2026-02-24T23:48:28.412+0000] {logging_mixin.py:188} INFO - [2026-02-24T23:48:28.412+0000] {dagbag.py:538} INFO - Filling up the DagBag from /opt/airflow/dags/coleta_dados_dag.py
[2026-02-24T23:48:28.422+0000] {processor.py:840} INFO - DAG(s) 'coleta_dados_bi' retrieved from /opt/airflow/dags/coleta_dados_dag.py
[2026-02-24T23:48:28.447+0000] {logging_mixin.py:188} INFO - [2026-02-24T23:48:28.447+0000] {dag.py:3033} INFO - Sync 1 DAGs
[2026-02-24T23:48:28.468+0000] {logging_mixin.py:188} INFO - [2026-02-24T23:48:28.468+0000] {dag.py:3820} INFO - Setting next_dagrun for coleta_dados_bi to 2026-02-24T07:00:00+00:00, run_after=2026-02-25T07:00:00+00:00
[2026-02-24T23:48:28.483+0000] {processor.py:183} INFO - Processing /opt/airflow/dags/coleta_dados_dag.py took 0.075 seconds
[2026-02-24T23:48:58.625+0000] {processor.py:161} INFO - Started process (PID=231) to work on /opt/airflow/dags/coleta_dados_dag.py
[2026-02-24T23:48:58.626+0000] {processor.py:830} INFO - Processing file /opt/airflow/dags/coleta_dados_dag.py for tasks to queue
[2026-02-24T23:48:58.628+0000] {logging_mixin.py:188} INFO - [2026-02-24T23:48:58.627+0000] {dagbag.py:538} INFO - Filling up the DagBag from /opt/airflow/dags/coleta_dados_dag.py
[2026-02-24T23:48:58.642+0000] {processor.py:840} INFO - DAG(s) 'coleta_dados_bi' retrieved from /opt/airflow/dags/coleta_dados_dag.py
[2026-02-24T23:48:58.673+0000] {logging_mixin.py:188} INFO - [2026-02-24T23:48:58.673+0000] {dag.py:3033} INFO - Sync 1 DAGs
[2026-02-24T23:48:58.702+0000] {logging_mixin.py:188} INFO - [2026-02-24T23:48:58.702+0000] {dag.py:3820} INFO - Setting next_dagrun for coleta_dados_bi to 2026-02-24T07:00:00+00:00, run_after=2026-02-25T07:00:00+00:00
[2026-02-24T23:48:58.722+0000] {processor.py:183} INFO - Processing /opt/airflow/dags/coleta_dados_dag.py took 0.102 seconds
[2026-02-24T23:49:28.832+0000] {processor.py:161} INFO - Started process (PID=236) to work on /opt/airflow/dags/coleta_dados_dag.py
[2026-02-24T23:49:28.833+0000] {processor.py:830} INFO - Processing file /opt/airflow/dags/coleta_dados_dag.py for tasks to queue
[2026-02-24T23:49:28.833+0000] {logging_mixin.py:188} INFO - [2026-02-24T23:49:28.833+0000] {dagbag.py:538} INFO - Filling up the DagBag from /opt/airflow/dags/coleta_dados_dag.py
[2026-02-24T23:49:28.844+0000] {processor.py:840} INFO - DAG(s) 'coleta_dados_bi' retrieved from /opt/airflow/dags/coleta_dados_dag.py
[2026-02-24T23:49:28.874+0000] {logging_mixin.py:188} INFO - [2026-02-24T23:49:28.874+0000] {dag.py:3033} INFO - Sync 1 DAGs
[2026-02-24T23:49:28.896+0000] {logging_mixin.py:188} INFO - [2026-02-24T23:49:28.895+0000] {dag.py:3820} INFO - Setting next_dagrun for coleta_dados_bi to 2026-02-24T07:00:00+00:00, run_after=2026-02-25T07:00:00+00:00
[2026-02-24T23:49:28.910+0000] {processor.py:183} INFO - Processing /opt/airflow/dags/coleta_dados_dag.py took 0.081 seconds
[2026-02-24T23:49:58.945+0000] {processor.py:161} INFO - Started process (PID=241) to work on /opt/airflow/dags/coleta_dados_dag.py
[2026-02-24T23:49:58.945+0000] {processor.py:830} INFO - Processing file /opt/airflow/dags/coleta_dados_dag.py for tasks to queue
[2026-02-24T23:49:58.946+0000] {logging_mixin.py:188} INFO - [2026-02-24T23:49:58.946+0000] {dagbag.py:538} INFO - Filling up the DagBag from /opt/airflow/dags/coleta_dados_dag.py
[2026-02-24T23:49:58.956+0000] {processor.py:840} INFO - DAG(s) 'coleta_dados_bi' retrieved from /opt/airflow/dags/coleta_dados_dag.py
[2026-02-24T23:49:58.981+0000] {logging_mixin.py:188} INFO - [2026-02-24T23:49:58.980+0000] {dag.py:3033} INFO - Sync 1 DAGs
[2026-02-24T23:49:59.001+0000] {logging_mixin.py:188} INFO - [2026-02-24T23:49:59.001+0000] {dag.py:3820} INFO - Setting next_dagrun for coleta_dados_bi to 2026-02-24T07:00:00+00:00, run_after=2026-02-25T07:00:00+00:00
[2026-02-24T23:49:59.015+0000] {processor.py:183} INFO - Processing /opt/airflow/dags/coleta_dados_dag.py took 0.073 seconds
[2026-02-24T23:50:29.120+0000] {processor.py:161} INFO - Started process (PID=246) to work on /opt/airflow/dags/coleta_dados_dag.py
[2026-02-24T23:50:29.121+0000] {processor.py:830} INFO - Processing file /opt/airflow/dags/coleta_dados_dag.py for tasks to queue
[2026-02-24T23:50:29.122+0000] {logging_mixin.py:188} INFO - [2026-02-24T23:50:29.121+0000] {dagbag.py:538} INFO - Filling up the DagBag from /opt/airflow/dags/coleta_dados_dag.py
[2026-02-24T23:50:29.132+0000] {processor.py:840} INFO - DAG(s) 'coleta_dados_bi' retrieved from /opt/airflow/dags/coleta_dados_dag.py
[2026-02-24T23:50:29.156+0000] {logging_mixin.py:188} INFO - [2026-02-24T23:50:29.155+0000] {dag.py:3033} INFO - Sync 1 DAGs
[2026-02-24T23:50:29.175+0000] {logging_mixin.py:188} INFO - [2026-02-24T23:50:29.174+0000] {dag.py:3820} INFO - Setting next_dagrun for coleta_dados_bi to 2026-02-24T07:00:00+00:00, run_after=2026-02-25T07:00:00+00:00
[2026-02-24T23:50:29.188+0000] {processor.py:183} INFO - Processing /opt/airflow/dags/coleta_dados_dag.py took 0.071 seconds
[2026-02-24T23:50:59.239+0000] {processor.py:161} INFO - Started process (PID=251) to work on /opt/airflow/dags/coleta_dados_dag.py
[2026-02-24T23:50:59.239+0000] {processor.py:830} INFO - Processing file /opt/airflow/dags/coleta_dados_dag.py for tasks to queue
[2026-02-24T23:50:59.240+0000] {logging_mixin.py:188} INFO - [2026-02-24T23:50:59.239+0000] {dagbag.py:538} INFO - Filling up the DagBag from /opt/airflow/dags/coleta_dados_dag.py
[2026-02-24T23:50:59.249+0000] {processor.py:840} INFO - DAG(s) 'coleta_dados_bi' retrieved from /opt/airflow/dags/coleta_dados_dag.py
[2026-02-24T23:50:59.275+0000] {logging_mixin.py:188} INFO - [2026-02-24T23:50:59.275+0000] {dag.py:3033} INFO - Sync 1 DAGs
[2026-02-24T23:50:59.296+0000] {logging_mixin.py:188} INFO - [2026-02-24T23:50:59.296+0000] {dag.py:3820} INFO - Setting next_dagrun for coleta_dados_bi to 2026-02-24T07:00:00+00:00, run_after=2026-02-25T07:00:00+00:00
[2026-02-24T23:50:59.310+0000] {processor.py:183} INFO - Processing /opt/airflow/dags/coleta_dados_dag.py took 0.074 seconds
[2026-02-24T23:51:29.407+0000] {processor.py:161} INFO - Started process (PID=256) to work on /opt/airflow/dags/coleta_dados_dag.py
[2026-02-24T23:51:29.408+0000] {processor.py:830} INFO - Processing file /opt/airflow/dags/coleta_dados_dag.py for tasks to queue
[2026-02-24T23:51:29.408+0000] {logging_mixin.py:188} INFO - [2026-02-24T23:51:29.408+0000] {dagbag.py:538} INFO - Filling up the DagBag from /opt/airflow/dags/coleta_dados_dag.py
[2026-02-24T23:51:29.419+0000] {processor.py:840} INFO - DAG(s) 'coleta_dados_bi' retrieved from /opt/airflow/dags/coleta_dados_dag.py
[2026-02-24T23:51:29.443+0000] {logging_mixin.py:188} INFO - [2026-02-24T23:51:29.443+0000] {dag.py:3033} INFO - Sync 1 DAGs
[2026-02-24T23:51:29.463+0000] {logging_mixin.py:188} INFO - [2026-02-24T23:51:29.463+0000] {dag.py:3820} INFO - Setting next_dagrun for coleta_dados_bi to 2026-02-24T07:00:00+00:00, run_after=2026-02-25T07:00:00+00:00
[2026-02-24T23:51:29.477+0000] {processor.py:183} INFO - Processing /opt/airflow/dags/coleta_dados_dag.py took 0.073 seconds
[2026-02-24T23:51:59.526+0000] {processor.py:161} INFO - Started process (PID=261) to work on /opt/airflow/dags/coleta_dados_dag.py
[2026-02-24T23:51:59.527+0000] {processor.py:830} INFO - Processing file /opt/airflow/dags/coleta_dados_dag.py for tasks to queue
[2026-02-24T23:51:59.528+0000] {logging_mixin.py:188} INFO - [2026-02-24T23:51:59.527+0000] {dagbag.py:538} INFO - Filling up the DagBag from /opt/airflow/dags/coleta_dados_dag.py
[2026-02-24T23:51:59.538+0000] {processor.py:840} INFO - DAG(s) 'coleta_dados_bi' retrieved from /opt/airflow/dags/coleta_dados_dag.py
[2026-02-24T23:51:59.563+0000] {logging_mixin.py:188} INFO - [2026-02-24T23:51:59.563+0000] {dag.py:3033} INFO - Sync 1 DAGs
[2026-02-24T23:51:59.583+0000] {logging_mixin.py:188} INFO - [2026-02-24T23:51:59.583+0000] {dag.py:3820} INFO - Setting next_dagrun for coleta_dados_bi to 2026-02-24T07:00:00+00:00, run_after=2026-02-25T07:00:00+00:00
[2026-02-24T23:51:59.597+0000] {processor.py:183} INFO - Processing /opt/airflow/dags/coleta_dados_dag.py took 0.074 seconds
[2026-02-24T23:52:29.687+0000] {processor.py:161} INFO - Started process (PID=266) to work on /opt/airflow/dags/coleta_dados_dag.py
[2026-02-24T23:52:29.688+0000] {processor.py:830} INFO - Processing file /opt/airflow/dags/coleta_dados_dag.py for tasks to queue
[2026-02-24T23:52:29.688+0000] {logging_mixin.py:188} INFO - [2026-02-24T23:52:29.688+0000] {dagbag.py:538} INFO - Filling up the DagBag from /opt/airflow/dags/coleta_dados_dag.py
[2026-02-24T23:52:29.699+0000] {processor.py:840} INFO - DAG(s) 'coleta_dados_bi' retrieved from /opt/airflow/dags/coleta_dados_dag.py
[2026-02-24T23:52:29.722+0000] {logging_mixin.py:188} INFO - [2026-02-24T23:52:29.722+0000] {dag.py:3033} INFO - Sync 1 DAGs
[2026-02-24T23:52:29.741+0000] {logging_mixin.py:188} INFO - [2026-02-24T23:52:29.741+0000] {dag.py:3820} INFO - Setting next_dagrun for coleta_dados_bi to 2026-02-24T07:00:00+00:00, run_after=2026-02-25T07:00:00+00:00
[2026-02-24T23:52:29.755+0000] {processor.py:183} INFO - Processing /opt/airflow/dags/coleta_dados_dag.py took 0.071 seconds
[2026-02-24T23:52:59.801+0000] {processor.py:161} INFO - Started process (PID=271) to work on /opt/airflow/dags/coleta_dados_dag.py
[2026-02-24T23:52:59.802+0000] {processor.py:830} INFO - Processing file /opt/airflow/dags/coleta_dados_dag.py for tasks to queue
[2026-02-24T23:52:59.802+0000] {logging_mixin.py:188} INFO - [2026-02-24T23:52:59.802+0000] {dagbag.py:538} INFO - Filling up the DagBag from /opt/airflow/dags/coleta_dados_dag.py
[2026-02-24T23:52:59.812+0000] {processor.py:840} INFO - DAG(s) 'coleta_dados_bi' retrieved from /opt/airflow/dags/coleta_dados_dag.py
[2026-02-24T23:52:59.836+0000] {logging_mixin.py:188} INFO - [2026-02-24T23:52:59.836+0000] {dag.py:3033} INFO - Sync 1 DAGs
[2026-02-24T23:52:59.857+0000] {logging_mixin.py:188} INFO - [2026-02-24T23:52:59.857+0000] {dag.py:3820} INFO - Setting next_dagrun for coleta_dados_bi to 2026-02-24T07:00:00+00:00, run_after=2026-02-25T07:00:00+00:00
[2026-02-24T23:52:59.870+0000] {processor.py:183} INFO - Processing /opt/airflow/dags/coleta_dados_dag.py took 0.072 seconds
[2026-02-24T23:53:29.969+0000] {processor.py:161} INFO - Started process (PID=276) to work on /opt/airflow/dags/coleta_dados_dag.py
[2026-02-24T23:53:29.970+0000] {processor.py:830} INFO - Processing file /opt/airflow/dags/coleta_dados_dag.py for tasks to queue
[2026-02-24T23:53:29.970+0000] {logging_mixin.py:188} INFO - [2026-02-24T23:53:29.970+0000] {dagbag.py:538} INFO - Filling up the DagBag from /opt/airflow/dags/coleta_dados_dag.py
[2026-02-24T23:53:29.981+0000] {processor.py:840} INFO - DAG(s) 'coleta_dados_bi' retrieved from /opt/airflow/dags/coleta_dados_dag.py
[2026-02-24T23:53:30.004+0000] {logging_mixin.py:188} INFO - [2026-02-24T23:53:30.004+0000] {dag.py:3033} INFO - Sync 1 DAGs
[2026-02-24T23:53:30.026+0000] {logging_mixin.py:188} INFO - [2026-02-24T23:53:30.026+0000] {dag.py:3820} INFO - Setting next_dagrun for coleta_dados_bi to 2026-02-24T07:00:00+00:00, run_after=2026-02-25T07:00:00+00:00
[2026-02-24T23:53:30.043+0000] {processor.py:183} INFO - Processing /opt/airflow/dags/coleta_dados_dag.py took 0.078 seconds
[2026-02-24T23:54:00.099+0000] {processor.py:161} INFO - Started process (PID=283) to work on /opt/airflow/dags/coleta_dados_dag.py
[2026-02-24T23:54:00.100+0000] {processor.py:830} INFO - Processing file /opt/airflow/dags/coleta_dados_dag.py for tasks to queue
[2026-02-24T23:54:00.101+0000] {logging_mixin.py:188} INFO - [2026-02-24T23:54:00.101+0000] {dagbag.py:538} INFO - Filling up the DagBag from /opt/airflow/dags/coleta_dados_dag.py
[2026-02-24T23:54:00.114+0000] {processor.py:840} INFO - DAG(s) 'coleta_dados_bi' retrieved from /opt/airflow/dags/coleta_dados_dag.py
[2026-02-24T23:54:00.152+0000] {logging_mixin.py:188} INFO - [2026-02-24T23:54:00.152+0000] {dag.py:3033} INFO - Sync 1 DAGs
[2026-02-24T23:54:00.182+0000] {logging_mixin.py:188} INFO - [2026-02-24T23:54:00.182+0000] {dag.py:3820} INFO - Setting next_dagrun for coleta_dados_bi to 2026-02-24T07:00:00+00:00, run_after=2026-02-25T07:00:00+00:00
[2026-02-24T23:54:00.198+0000] {processor.py:183} INFO - Processing /opt/airflow/dags/coleta_dados_dag.py took 0.102 seconds
[2026-02-24T23:54:30.267+0000] {processor.py:161} INFO - Started process (PID=288) to work on /opt/airflow/dags/coleta_dados_dag.py
[2026-02-24T23:54:30.268+0000] {processor.py:830} INFO - Processing file /opt/airflow/dags/coleta_dados_dag.py for tasks to queue
[2026-02-24T23:54:30.269+0000] {logging_mixin.py:188} INFO - [2026-02-24T23:54:30.268+0000] {dagbag.py:538} INFO - Filling up the DagBag from /opt/airflow/dags/coleta_dados_dag.py
[2026-02-24T23:54:30.282+0000] {processor.py:840} INFO - DAG(s) 'coleta_dados_bi' retrieved from /opt/airflow/dags/coleta_dados_dag.py
[2026-02-24T23:54:30.307+0000] {logging_mixin.py:188} INFO - [2026-02-24T23:54:30.306+0000] {dag.py:3033} INFO - Sync 1 DAGs
[2026-02-24T23:54:30.326+0000] {logging_mixin.py:188} INFO - [2026-02-24T23:54:30.326+0000] {dag.py:3820} INFO - Setting next_dagrun for coleta_dados_bi to 2026-02-24T07:00:00+00:00, run_after=2026-02-25T07:00:00+00:00
[2026-02-24T23:54:30.340+0000] {processor.py:183} INFO - Processing /opt/airflow/dags/coleta_dados_dag.py took 0.075 seconds
[2026-02-24T23:55:00.401+0000] {processor.py:161} INFO - Started process (PID=293) to work on /opt/airflow/dags/coleta_dados_dag.py
[2026-02-24T23:55:00.401+0000] {processor.py:830} INFO - Processing file /opt/airflow/dags/coleta_dados_dag.py for tasks to queue
[2026-02-24T23:55:00.402+0000] {logging_mixin.py:188} INFO - [2026-02-24T23:55:00.402+0000] {dagbag.py:538} INFO - Filling up the DagBag from /opt/airflow/dags/coleta_dados_dag.py
[2026-02-24T23:55:00.412+0000] {processor.py:840} INFO - DAG(s) 'coleta_dados_bi' retrieved from /opt/airflow/dags/coleta_dados_dag.py
[2026-02-24T23:55:00.438+0000] {logging_mixin.py:188} INFO - [2026-02-24T23:55:00.438+0000] {dag.py:3033} INFO - Sync 1 DAGs
[2026-02-24T23:55:00.467+0000] {logging_mixin.py:188} INFO - [2026-02-24T23:55:00.467+0000] {dag.py:3820} INFO - Setting next_dagrun for coleta_dados_bi to 2026-02-24T07:00:00+00:00, run_after=2026-02-25T07:00:00+00:00
[2026-02-24T23:55:00.486+0000] {processor.py:183} INFO - Processing /opt/airflow/dags/coleta_dados_dag.py took 0.088 seconds
[2026-02-24T23:55:30.549+0000] {processor.py:161} INFO - Started process (PID=298) to work on /opt/airflow/dags/coleta_dados_dag.py
[2026-02-24T23:55:30.549+0000] {processor.py:830} INFO - Processing file /opt/airflow/dags/coleta_dados_dag.py for tasks to queue
[2026-02-24T23:55:30.550+0000] {logging_mixin.py:188} INFO - [2026-02-24T23:55:30.549+0000] {dagbag.py:538} INFO - Filling up the DagBag from /opt/airflow/dags/coleta_dados_dag.py
[2026-02-24T23:55:30.559+0000] {processor.py:840} INFO - DAG(s) 'coleta_dados_bi' retrieved from /opt/airflow/dags/coleta_dados_dag.py
[2026-02-24T23:55:30.585+0000] {logging_mixin.py:188} INFO - [2026-02-24T23:55:30.585+0000] {dag.py:3033} INFO - Sync 1 DAGs
[2026-02-24T23:55:30.605+0000] {logging_mixin.py:188} INFO - [2026-02-24T23:55:30.605+0000] {dag.py:3820} INFO - Setting next_dagrun for coleta_dados_bi to 2026-02-24T07:00:00+00:00, run_after=2026-02-25T07:00:00+00:00
[2026-02-24T23:55:30.619+0000] {processor.py:183} INFO - Processing /opt/airflow/dags/coleta_dados_dag.py took 0.073 seconds
[2026-02-24T23:56:00.707+0000] {processor.py:161} INFO - Started process (PID=303) to work on /opt/airflow/dags/coleta_dados_dag.py
[2026-02-24T23:56:00.708+0000] {processor.py:830} INFO - Processing file /opt/airflow/dags/coleta_dados_dag.py for tasks to queue
[2026-02-24T23:56:00.709+0000] {logging_mixin.py:188} INFO - [2026-02-24T23:56:00.709+0000] {dagbag.py:538} INFO - Filling up the DagBag from /opt/airflow/dags/coleta_dados_dag.py
[2026-02-24T23:56:00.720+0000] {processor.py:840} INFO - DAG(s) 'coleta_dados_bi' retrieved from /opt/airflow/dags/coleta_dados_dag.py
[2026-02-24T23:56:00.744+0000] {logging_mixin.py:188} INFO - [2026-02-24T23:56:00.743+0000] {dag.py:3033} INFO - Sync 1 DAGs
[2026-02-24T23:56:00.764+0000] {logging_mixin.py:188} INFO - [2026-02-24T23:56:00.764+0000] {dag.py:3820} INFO - Setting next_dagrun for coleta_dados_bi to 2026-02-24T07:00:00+00:00, run_after=2026-02-25T07:00:00+00:00
[2026-02-24T23:56:00.779+0000] {processor.py:183} INFO - Processing /opt/airflow/dags/coleta_dados_dag.py took 0.078 seconds
[2026-02-24T23:56:30.822+0000] {processor.py:161} INFO - Started process (PID=308) to work on /opt/airflow/dags/coleta_dados_dag.py
[2026-02-24T23:56:30.822+0000] {processor.py:830} INFO - Processing file /opt/airflow/dags/coleta_dados_dag.py for tasks to queue
[2026-02-24T23:56:30.823+0000] {logging_mixin.py:188} INFO - [2026-02-24T23:56:30.823+0000] {dagbag.py:538} INFO - Filling up the DagBag from /opt/airflow/dags/coleta_dados_dag.py
[2026-02-24T23:56:30.833+0000] {processor.py:840} INFO - DAG(s) 'coleta_dados_bi' retrieved from /opt/airflow/dags/coleta_dados_dag.py
[2026-02-24T23:56:30.857+0000] {logging_mixin.py:188} INFO - [2026-02-24T23:56:30.857+0000] {dag.py:3033} INFO - Sync 1 DAGs
[2026-02-24T23:56:30.878+0000] {logging_mixin.py:188} INFO - [2026-02-24T23:56:30.878+0000] {dag.py:3820} INFO - Setting next_dagrun for coleta_dados_bi to 2026-02-24T07:00:00+00:00, run_after=2026-02-25T07:00:00+00:00
[2026-02-24T23:56:30.892+0000] {processor.py:183} INFO - Processing /opt/airflow/dags/coleta_dados_dag.py took 0.072 seconds
[2026-02-24T23:57:01.003+0000] {processor.py:161} INFO - Started process (PID=313) to work on /opt/airflow/dags/coleta_dados_dag.py
[2026-02-24T23:57:01.003+0000] {processor.py:830} INFO - Processing file /opt/airflow/dags/coleta_dados_dag.py for tasks to queue
[2026-02-24T23:57:01.004+0000] {logging_mixin.py:188} INFO - [2026-02-24T23:57:01.004+0000] {dagbag.py:538} INFO - Filling up the DagBag from /opt/airflow/dags/coleta_dados_dag.py
[2026-02-24T23:57:01.014+0000] {processor.py:840} INFO - DAG(s) 'coleta_dados_bi' retrieved from /opt/airflow/dags/coleta_dados_dag.py
[2026-02-24T23:57:01.038+0000] {logging_mixin.py:188} INFO - [2026-02-24T23:57:01.038+0000] {dag.py:3033} INFO - Sync 1 DAGs
[2026-02-24T23:57:01.059+0000] {logging_mixin.py:188} INFO - [2026-02-24T23:57:01.058+0000] {dag.py:3820} INFO - Setting next_dagrun for coleta_dados_bi to 2026-02-24T07:00:00+00:00, run_after=2026-02-25T07:00:00+00:00
[2026-02-24T23:57:01.075+0000] {processor.py:183} INFO - Processing /opt/airflow/dags/coleta_dados_dag.py took 0.076 seconds
[2026-02-24T23:57:31.130+0000] {processor.py:161} INFO - Started process (PID=318) to work on /opt/airflow/dags/coleta_dados_dag.py
[2026-02-24T23:57:31.131+0000] {processor.py:830} INFO - Processing file /opt/airflow/dags/coleta_dados_dag.py for tasks to queue
[2026-02-24T23:57:31.132+0000] {logging_mixin.py:188} INFO - [2026-02-24T23:57:31.131+0000] {dagbag.py:538} INFO - Filling up the DagBag from /opt/airflow/dags/coleta_dados_dag.py
[2026-02-24T23:57:31.149+0000] {processor.py:840} INFO - DAG(s) 'coleta_dados_bi' retrieved from /opt/airflow/dags/coleta_dados_dag.py
[2026-02-24T23:57:31.184+0000] {logging_mixin.py:188} INFO - [2026-02-24T23:57:31.184+0000] {dag.py:3033} INFO - Sync 1 DAGs
[2026-02-24T23:57:31.207+0000] {logging_mixin.py:188} INFO - [2026-02-24T23:57:31.207+0000] {dag.py:3820} INFO - Setting next_dagrun for coleta_dados_bi to 2026-02-24T07:00:00+00:00, run_after=2026-02-25T07:00:00+00:00
[2026-02-24T23:57:31.221+0000] {processor.py:183} INFO - Processing /opt/airflow/dags/coleta_dados_dag.py took 0.096 seconds
[2026-02-24T23:58:01.330+0000] {processor.py:161} INFO - Started process (PID=325) to work on /opt/airflow/dags/coleta_dados_dag.py
[2026-02-24T23:58:01.330+0000] {processor.py:830} INFO - Processing file /opt/airflow/dags/coleta_dados_dag.py for tasks to queue
[2026-02-24T23:58:01.331+0000] {logging_mixin.py:188} INFO - [2026-02-24T23:58:01.331+0000] {dagbag.py:538} INFO - Filling up the DagBag from /opt/airflow/dags/coleta_dados_dag.py
[2026-02-24T23:58:01.344+0000] {processor.py:840} INFO - DAG(s) 'coleta_dados_bi' retrieved from /opt/airflow/dags/coleta_dados_dag.py
[2026-02-24T23:58:01.370+0000] {logging_mixin.py:188} INFO - [2026-02-24T23:58:01.370+0000] {dag.py:3033} INFO - Sync 1 DAGs
[2026-02-24T23:58:01.391+0000] {logging_mixin.py:188} INFO - [2026-02-24T23:58:01.390+0000] {dag.py:3820} INFO - Setting next_dagrun for coleta_dados_bi to 2026-02-24T07:00:00+00:00, run_after=2026-02-25T07:00:00+00:00
[2026-02-24T23:58:01.406+0000] {processor.py:183} INFO - Processing /opt/airflow/dags/coleta_dados_dag.py took 0.079 seconds
[2026-02-24T23:58:31.443+0000] {processor.py:161} INFO - Started process (PID=332) to work on /opt/airflow/dags/coleta_dados_dag.py
[2026-02-24T23:58:31.444+0000] {processor.py:830} INFO - Processing file /opt/airflow/dags/coleta_dados_dag.py for tasks to queue
[2026-02-24T23:58:31.444+0000] {logging_mixin.py:188} INFO - [2026-02-24T23:58:31.444+0000] {dagbag.py:538} INFO - Filling up the DagBag from /opt/airflow/dags/coleta_dados_dag.py
[2026-02-24T23:58:31.454+0000] {processor.py:840} INFO - DAG(s) 'coleta_dados_bi' retrieved from /opt/airflow/dags/coleta_dados_dag.py
[2026-02-24T23:58:31.483+0000] {logging_mixin.py:188} INFO - [2026-02-24T23:58:31.483+0000] {dag.py:3033} INFO - Sync 1 DAGs
[2026-02-24T23:58:31.512+0000] {logging_mixin.py:188} INFO - [2026-02-24T23:58:31.512+0000] {dag.py:3820} INFO - Setting next_dagrun for coleta_dados_bi to 2026-02-24T07:00:00+00:00, run_after=2026-02-25T07:00:00+00:00
[2026-02-24T23:58:31.534+0000] {processor.py:183} INFO - Processing /opt/airflow/dags/coleta_dados_dag.py took 0.093 seconds
[2026-02-24T23:59:01.644+0000] {processor.py:161} INFO - Started process (PID=339) to work on /opt/airflow/dags/coleta_dados_dag.py
[2026-02-24T23:59:01.644+0000] {processor.py:830} INFO - Processing file /opt/airflow/dags/coleta_dados_dag.py for tasks to queue
[2026-02-24T23:59:01.645+0000] {logging_mixin.py:188} INFO - [2026-02-24T23:59:01.645+0000] {dagbag.py:538} INFO - Filling up the DagBag from /opt/airflow/dags/coleta_dados_dag.py
[2026-02-24T23:59:01.658+0000] {processor.py:840} INFO - DAG(s) 'coleta_dados_bi' retrieved from /opt/airflow/dags/coleta_dados_dag.py
[2026-02-24T23:59:01.695+0000] {logging_mixin.py:188} INFO - [2026-02-24T23:59:01.695+0000] {dag.py:3033} INFO - Sync 1 DAGs
[2026-02-24T23:59:01.726+0000] {logging_mixin.py:188} INFO - [2026-02-24T23:59:01.726+0000] {dag.py:3820} INFO - Setting next_dagrun for coleta_dados_bi to 2026-02-24T07:00:00+00:00, run_after=2026-02-25T07:00:00+00:00
[2026-02-24T23:59:01.742+0000] {processor.py:183} INFO - Processing /opt/airflow/dags/coleta_dados_dag.py took 0.101 seconds
[2026-02-24T23:59:31.776+0000] {processor.py:161} INFO - Started process (PID=346) to work on /opt/airflow/dags/coleta_dados_dag.py
[2026-02-24T23:59:31.777+0000] {processor.py:830} INFO - Processing file /opt/airflow/dags/coleta_dados_dag.py for tasks to queue
[2026-02-24T23:59:31.777+0000] {logging_mixin.py:188} INFO - [2026-02-24T23:59:31.777+0000] {dagbag.py:538} INFO - Filling up the DagBag from /opt/airflow/dags/coleta_dados_dag.py
[2026-02-24T23:59:31.787+0000] {processor.py:840} INFO - DAG(s) 'coleta_dados_bi' retrieved from /opt/airflow/dags/coleta_dados_dag.py
[2026-02-24T23:59:31.814+0000] {logging_mixin.py:188} INFO - [2026-02-24T23:59:31.814+0000] {dag.py:3033} INFO - Sync 1 DAGs
[2026-02-24T23:59:31.834+0000] {logging_mixin.py:188} INFO - [2026-02-24T23:59:31.834+0000] {dag.py:3820} INFO - Setting next_dagrun for coleta_dados_bi to 2026-02-24T07:00:00+00:00, run_after=2026-02-25T07:00:00+00:00
[2026-02-24T23:59:31.851+0000] {processor.py:183} INFO - Processing /opt/airflow/dags/coleta_dados_dag.py took 0.078 seconds
