[2026-02-25T00:02:37.626+0000] {taskinstance.py:1957} INFO - Dependencies all met for dep_context=non-requeueable deps ti=<TaskInstance: coleta_dados_bi.verificar_api manual__2026-02-24T23:57:35.364763+00:00 [queued]>
[2026-02-25T00:02:37.634+0000] {taskinstance.py:1957} INFO - Dependencies all met for dep_context=requeueable deps ti=<TaskInstance: coleta_dados_bi.verificar_api manual__2026-02-24T23:57:35.364763+00:00 [queued]>
[2026-02-25T00:02:37.635+0000] {taskinstance.py:2171} INFO - Starting attempt 2 of 4
[2026-02-25T00:02:37.645+0000] {taskinstance.py:2192} INFO - Executing <Task(PythonOperator): verificar_api> on 2026-02-24 23:57:35.364763+00:00
[2026-02-25T00:02:37.651+0000] {standard_task_runner.py:60} INFO - Started process 382 to run task
[2026-02-25T00:02:37.654+0000] {standard_task_runner.py:87} INFO - Running: ['***', 'tasks', 'run', 'coleta_dados_bi', 'verificar_api', 'manual__2026-02-24T23:57:35.364763+00:00', '--job-id', '9', '--raw', '--subdir', 'DAGS_FOLDER/coleta_dados_dag.py', '--cfg-path', '/tmp/tmp2vyw3g1h']
[2026-02-25T00:02:37.656+0000] {standard_task_runner.py:88} INFO - Job 9: Subtask verificar_api
[2026-02-25T00:02:37.698+0000] {task_command.py:423} INFO - Running <TaskInstance: coleta_dados_bi.verificar_api manual__2026-02-24T23:57:35.364763+00:00 [running]> on host cdb1024eab5d
[2026-02-25T00:02:37.783+0000] {taskinstance.py:2481} INFO - Exporting env vars: AIRFLOW_CTX_DAG_OWNER='equipe-bi' AIRFLOW_CTX_DAG_ID='coleta_dados_bi' AIRFLOW_CTX_TASK_ID='verificar_api' AIRFLOW_CTX_EXECUTION_DATE='2026-02-24T23:57:35.364763+00:00' AIRFLOW_CTX_TRY_NUMBER='2' AIRFLOW_CTX_DAG_RUN_ID='manual__2026-02-24T23:57:35.364763+00:00'
[2026-02-25T00:02:37.784+0000] {coleta_dados_dag.py:34} INFO - Verificando disponibilidade da API...
[2026-02-25T00:02:37.957+0000] {taskinstance.py:2699} ERROR - Task failed with exception
Traceback (most recent call last):
  File "/home/airflow/.local/lib/python3.8/site-packages/airflow/models/taskinstance.py", line 433, in _execute_task
    result = execute_callable(context=context, **execute_callable_kwargs)
  File "/home/airflow/.local/lib/python3.8/site-packages/airflow/operators/python.py", line 199, in execute
    return_value = self.execute_callable()
  File "/home/airflow/.local/lib/python3.8/site-packages/airflow/operators/python.py", line 216, in execute_callable
    return self.python_callable(*self.op_args, **self.op_kwargs)
  File "/opt/airflow/dags/coleta_dados_dag.py", line 37, in verificar_api
    resp.raise_for_status()
  File "/home/airflow/.local/lib/python3.8/site-packages/requests/models.py", line 1021, in raise_for_status
    raise HTTPError(http_error_msg, response=self)
requests.exceptions.HTTPError: 429 Client Error: Too Many Requests for url: https://economia.awesomeapi.com.br/json/last/USD-BRL
[2026-02-25T00:02:37.969+0000] {taskinstance.py:1138} INFO - Marking task as UP_FOR_RETRY. dag_id=coleta_dados_bi, task_id=verificar_api, execution_date=20260224T235735, start_date=20260225T000237, end_date=20260225T000237
[2026-02-25T00:02:37.979+0000] {standard_task_runner.py:107} ERROR - Failed to execute job 9 for task verificar_api (429 Client Error: Too Many Requests for url: https://economia.awesomeapi.com.br/json/last/USD-BRL; 382)
[2026-02-25T00:02:38.027+0000] {local_task_job_runner.py:234} INFO - Task exited with return code 1
[2026-02-25T00:02:38.049+0000] {taskinstance.py:3281} INFO - 0 downstream tasks scheduled from follow-on schedule check
