[2026-02-24T23:43:56.173+0000] {manager.py:469} INFO - Processing files using up to 2 processes at a time 
[2026-02-24T23:43:56.175+0000] {manager.py:470} INFO - Process each file at most once every 30 seconds
[2026-02-24T23:43:56.176+0000] {manager.py:471} INFO - Checking for new files in /opt/airflow/dags every 300 seconds
[2026-02-24T23:43:56.176+0000] {manager.py:738} INFO - Searching for files in /opt/airflow/dags
[2026-02-24T23:43:56.180+0000] {manager.py:741} INFO - There are 1 files in /opt/airflow/dags
[2026-02-24T23:43:56.380+0000] {manager.py:879} INFO - 
================================================================================
DAG File Processing Stats

File Path                                PID  Runtime      # DAGs    # Errors  Last Runtime    Last Run
-------------------------------------  -----  ---------  --------  ----------  --------------  ----------
/opt/airflow/dags/coleta_dados_dag.py    176  0.11s             0           0
================================================================================
[2026-02-24T23:44:26.491+0000] {manager.py:879} INFO - 
================================================================================
DAG File Processing Stats

File Path                              PID    Runtime      # DAGs    # Errors  Last Runtime    Last Run
-------------------------------------  -----  ---------  --------  ----------  --------------  -------------------
/opt/airflow/dags/coleta_dados_dag.py                           1           0  0.83s           2026-02-24T23:43:57
================================================================================
[2026-02-24T23:44:57.343+0000] {manager.py:879} INFO - 
================================================================================
DAG File Processing Stats

File Path                                PID  Runtime      # DAGs    # Errors  Last Runtime    Last Run
-------------------------------------  -----  ---------  --------  ----------  --------------  -------------------
/opt/airflow/dags/coleta_dados_dag.py    189  0.00s             1           0  0.10s           2026-02-24T23:44:27
================================================================================
[2026-02-24T23:45:27.526+0000] {manager.py:879} INFO - 
================================================================================
DAG File Processing Stats

File Path                                PID  Runtime      # DAGs    # Errors  Last Runtime    Last Run
-------------------------------------  -----  ---------  --------  ----------  --------------  -------------------
/opt/airflow/dags/coleta_dados_dag.py    194  0.00s             1           0  0.09s           2026-02-24T23:44:57
================================================================================
[2026-02-24T23:45:57.645+0000] {manager.py:879} INFO - 
================================================================================
DAG File Processing Stats

File Path                                PID  Runtime      # DAGs    # Errors  Last Runtime    Last Run
-------------------------------------  -----  ---------  --------  ----------  --------------  -------------------
/opt/airflow/dags/coleta_dados_dag.py    199  0.00s             1           0  0.10s           2026-02-24T23:45:27
================================================================================
[2026-02-24T23:46:27.831+0000] {manager.py:879} INFO - 
================================================================================
DAG File Processing Stats

File Path                                PID  Runtime      # DAGs    # Errors  Last Runtime    Last Run
-------------------------------------  -----  ---------  --------  ----------  --------------  -------------------
/opt/airflow/dags/coleta_dados_dag.py    204  0.00s             1           0  0.09s           2026-02-24T23:45:57
================================================================================
[2026-02-24T23:46:57.950+0000] {manager.py:879} INFO - 
================================================================================
DAG File Processing Stats

File Path                                PID  Runtime      # DAGs    # Errors  Last Runtime    Last Run
-------------------------------------  -----  ---------  --------  ----------  --------------  -------------------
/opt/airflow/dags/coleta_dados_dag.py    209  0.00s             1           0  0.10s           2026-02-24T23:46:27
================================================================================
[2026-02-24T23:47:28.118+0000] {manager.py:879} INFO - 
================================================================================
DAG File Processing Stats

File Path                                PID  Runtime      # DAGs    # Errors  Last Runtime    Last Run
-------------------------------------  -----  ---------  --------  ----------  --------------  -------------------
/opt/airflow/dags/coleta_dados_dag.py    214  0.00s             1           0  0.09s           2026-02-24T23:46:58
================================================================================
[2026-02-24T23:47:58.253+0000] {manager.py:879} INFO - 
================================================================================
DAG File Processing Stats

File Path                                PID  Runtime      # DAGs    # Errors  Last Runtime    Last Run
-------------------------------------  -----  ---------  --------  ----------  --------------  -------------------
/opt/airflow/dags/coleta_dados_dag.py    219  0.01s             1           0  0.09s           2026-02-24T23:47:28
================================================================================
[2026-02-24T23:48:28.405+0000] {manager.py:879} INFO - 
================================================================================
DAG File Processing Stats

File Path                                PID  Runtime      # DAGs    # Errors  Last Runtime    Last Run
-------------------------------------  -----  ---------  --------  ----------  --------------  -------------------
/opt/airflow/dags/coleta_dados_dag.py    224  0.00s             1           0  0.16s           2026-02-24T23:47:58
================================================================================
[2026-02-24T23:48:56.587+0000] {manager.py:738} INFO - Searching for files in /opt/airflow/dags
[2026-02-24T23:48:56.588+0000] {manager.py:741} INFO - There are 1 files in /opt/airflow/dags
[2026-02-24T23:48:58.615+0000] {manager.py:879} INFO - 
================================================================================
DAG File Processing Stats

File Path                                PID  Runtime      # DAGs    # Errors  Last Runtime    Last Run
-------------------------------------  -----  ---------  --------  ----------  --------------  -------------------
/opt/airflow/dags/coleta_dados_dag.py    231  0.01s             1           0  0.10s           2026-02-24T23:48:28
================================================================================
[2026-02-24T23:49:28.730+0000] {manager.py:879} INFO - 
================================================================================
DAG File Processing Stats

File Path                              PID    Runtime      # DAGs    # Errors  Last Runtime    Last Run
-------------------------------------  -----  ---------  --------  ----------  --------------  -------------------
/opt/airflow/dags/coleta_dados_dag.py                           1           0  0.13s           2026-02-24T23:48:58
================================================================================
[2026-02-24T23:49:58.940+0000] {manager.py:879} INFO - 
================================================================================
DAG File Processing Stats

File Path                                PID  Runtime      # DAGs    # Errors  Last Runtime    Last Run
-------------------------------------  -----  ---------  --------  ----------  --------------  -------------------
/opt/airflow/dags/coleta_dados_dag.py    241  0.01s             1           0  0.10s           2026-02-24T23:49:28
================================================================================
[2026-02-24T23:50:29.114+0000] {manager.py:879} INFO - 
================================================================================
DAG File Processing Stats

File Path                                PID  Runtime      # DAGs    # Errors  Last Runtime    Last Run
-------------------------------------  -----  ---------  --------  ----------  --------------  -------------------
/opt/airflow/dags/coleta_dados_dag.py    246  0.00s             1           0  0.09s           2026-02-24T23:49:59
================================================================================
[2026-02-24T23:50:59.234+0000] {manager.py:879} INFO - 
================================================================================
DAG File Processing Stats

File Path                                PID  Runtime      # DAGs    # Errors  Last Runtime    Last Run
-------------------------------------  -----  ---------  --------  ----------  --------------  -------------------
/opt/airflow/dags/coleta_dados_dag.py    251  0.00s             1           0  0.09s           2026-02-24T23:50:29
================================================================================
[2026-02-24T23:51:29.401+0000] {manager.py:879} INFO - 
================================================================================
DAG File Processing Stats

File Path                                PID  Runtime      # DAGs    # Errors  Last Runtime    Last Run
-------------------------------------  -----  ---------  --------  ----------  --------------  -------------------
/opt/airflow/dags/coleta_dados_dag.py    256  0.00s             1           0  0.09s           2026-02-24T23:50:59
================================================================================
[2026-02-24T23:51:59.519+0000] {manager.py:879} INFO - 
================================================================================
DAG File Processing Stats

File Path                                PID  Runtime      # DAGs    # Errors  Last Runtime    Last Run
-------------------------------------  -----  ---------  --------  ----------  --------------  -------------------
/opt/airflow/dags/coleta_dados_dag.py    261  0.00s             1           0  0.09s           2026-02-24T23:51:29
================================================================================
[2026-02-24T23:52:29.681+0000] {manager.py:879} INFO - 
================================================================================
DAG File Processing Stats

File Path                                PID  Runtime      # DAGs    # Errors  Last Runtime    Last Run
-------------------------------------  -----  ---------  --------  ----------  --------------  -------------------
/opt/airflow/dags/coleta_dados_dag.py    266  0.00s             1           0  0.09s           2026-02-24T23:51:59
================================================================================
[2026-02-24T23:52:59.796+0000] {manager.py:879} INFO - 
================================================================================
DAG File Processing Stats

File Path                                PID  Runtime      # DAGs    # Errors  Last Runtime    Last Run
-------------------------------------  -----  ---------  --------  ----------  --------------  -------------------
/opt/airflow/dags/coleta_dados_dag.py    271  0.00s             1           0  0.09s           2026-02-24T23:52:29
================================================================================
[2026-02-24T23:53:29.962+0000] {manager.py:879} INFO - 
================================================================================
DAG File Processing Stats

File Path                                PID  Runtime      # DAGs    # Errors  Last Runtime    Last Run
-------------------------------------  -----  ---------  --------  ----------  --------------  -------------------
/opt/airflow/dags/coleta_dados_dag.py    276  0.00s             1           0  0.09s           2026-02-24T23:52:59
================================================================================
[2026-02-24T23:53:57.060+0000] {manager.py:738} INFO - Searching for files in /opt/airflow/dags
[2026-02-24T23:53:57.061+0000] {manager.py:741} INFO - There are 1 files in /opt/airflow/dags
[2026-02-24T23:54:00.091+0000] {manager.py:879} INFO - 
================================================================================
DAG File Processing Stats

File Path                                PID  Runtime      # DAGs    # Errors  Last Runtime    Last Run
-------------------------------------  -----  ---------  --------  ----------  --------------  -------------------
/opt/airflow/dags/coleta_dados_dag.py    283  0.01s             1           0  0.10s           2026-02-24T23:53:30
================================================================================
[2026-02-24T23:54:30.262+0000] {manager.py:879} INFO - 
================================================================================
DAG File Processing Stats

File Path                                PID  Runtime      # DAGs    # Errors  Last Runtime    Last Run
-------------------------------------  -----  ---------  --------  ----------  --------------  -------------------
/opt/airflow/dags/coleta_dados_dag.py    288  0.01s             1           0  0.13s           2026-02-24T23:54:00
================================================================================
[2026-02-24T23:55:00.396+0000] {manager.py:879} INFO - 
================================================================================
DAG File Processing Stats

File Path                                PID  Runtime      # DAGs    # Errors  Last Runtime    Last Run
-------------------------------------  -----  ---------  --------  ----------  --------------  -------------------
/opt/airflow/dags/coleta_dados_dag.py    293  0.00s             1           0  0.10s           2026-02-24T23:54:30
================================================================================
[2026-02-24T23:55:30.543+0000] {manager.py:879} INFO - 
================================================================================
DAG File Processing Stats

File Path                                PID  Runtime      # DAGs    # Errors  Last Runtime    Last Run
-------------------------------------  -----  ---------  --------  ----------  --------------  -------------------
/opt/airflow/dags/coleta_dados_dag.py    298  0.00s             1           0  0.11s           2026-02-24T23:55:00
================================================================================
[2026-02-24T23:56:00.697+0000] {manager.py:879} INFO - 
================================================================================
DAG File Processing Stats

File Path                                PID  Runtime      # DAGs    # Errors  Last Runtime    Last Run
-------------------------------------  -----  ---------  --------  ----------  --------------  -------------------
/opt/airflow/dags/coleta_dados_dag.py    303  0.01s             1           0  0.09s           2026-02-24T23:55:30
================================================================================
[2026-02-24T23:56:30.816+0000] {manager.py:879} INFO - 
================================================================================
DAG File Processing Stats

File Path                                PID  Runtime      # DAGs    # Errors  Last Runtime    Last Run
-------------------------------------  -----  ---------  --------  ----------  --------------  -------------------
/opt/airflow/dags/coleta_dados_dag.py    308  0.00s             1           0  0.10s           2026-02-24T23:56:00
================================================================================
[2026-02-24T23:57:00.996+0000] {manager.py:879} INFO - 
================================================================================
DAG File Processing Stats

File Path                                PID  Runtime      # DAGs    # Errors  Last Runtime    Last Run
-------------------------------------  -----  ---------  --------  ----------  --------------  -------------------
/opt/airflow/dags/coleta_dados_dag.py    313  0.00s             1           0  0.09s           2026-02-24T23:56:30
================================================================================
[2026-02-24T23:57:31.121+0000] {manager.py:879} INFO - 
================================================================================
DAG File Processing Stats

File Path                                PID  Runtime      # DAGs    # Errors  Last Runtime    Last Run
-------------------------------------  -----  ---------  --------  ----------  --------------  -------------------
/opt/airflow/dags/coleta_dados_dag.py    318  0.01s             1           0  0.11s           2026-02-24T23:57:01
================================================================================
[2026-02-24T23:58:01.319+0000] {manager.py:879} INFO - 
================================================================================
DAG File Processing Stats

File Path                                PID  Runtime      # DAGs    # Errors  Last Runtime    Last Run
-------------------------------------  -----  ---------  --------  ----------  --------------  -------------------
/opt/airflow/dags/coleta_dados_dag.py    325  0.01s             1           0  0.12s           2026-02-24T23:57:31
================================================================================
[2026-02-24T23:58:31.438+0000] {manager.py:879} INFO - 
================================================================================
DAG File Processing Stats

File Path                                PID  Runtime      # DAGs    # Errors  Last Runtime    Last Run
-------------------------------------  -----  ---------  --------  ----------  --------------  -------------------
/opt/airflow/dags/coleta_dados_dag.py    332  0.00s             1           0  0.11s           2026-02-24T23:58:01
================================================================================
[2026-02-24T23:58:57.607+0000] {manager.py:738} INFO - Searching for files in /opt/airflow/dags
[2026-02-24T23:58:57.608+0000] {manager.py:741} INFO - There are 1 files in /opt/airflow/dags
[2026-02-24T23:59:01.638+0000] {manager.py:879} INFO - 
================================================================================
DAG File Processing Stats

File Path                                PID  Runtime      # DAGs    # Errors  Last Runtime    Last Run
-------------------------------------  -----  ---------  --------  ----------  --------------  -------------------
/opt/airflow/dags/coleta_dados_dag.py    339  0.00s             1           0  0.11s           2026-02-24T23:58:31
================================================================================
[2026-02-24T23:59:31.771+0000] {manager.py:879} INFO - 
================================================================================
DAG File Processing Stats

File Path                                PID  Runtime      # DAGs    # Errors  Last Runtime    Last Run
-------------------------------------  -----  ---------  --------  ----------  --------------  -------------------
/opt/airflow/dags/coleta_dados_dag.py    346  0.00s             1           0  0.12s           2026-02-24T23:59:01
================================================================================
[2026-02-25T00:00:01.957+0000] {manager.py:879} INFO - 
================================================================================
DAG File Processing Stats

File Path                                PID  Runtime      # DAGs    # Errors  Last Runtime    Last Run
-------------------------------------  -----  ---------  --------  ----------  --------------  -------------------
/opt/airflow/dags/coleta_dados_dag.py    351  0.00s             1           0  0.10s           2026-02-24T23:59:31
================================================================================
[2026-02-25T00:00:32.072+0000] {manager.py:879} INFO - 
================================================================================
DAG File Processing Stats

File Path                                PID  Runtime      # DAGs    # Errors  Last Runtime    Last Run
-------------------------------------  -----  ---------  --------  ----------  --------------  -------------------
/opt/airflow/dags/coleta_dados_dag.py    356  0.00s             1           0  0.10s           2026-02-25T00:00:02
================================================================================
[2026-02-25T00:01:02.253+0000] {manager.py:879} INFO - 
================================================================================
DAG File Processing Stats

File Path                                PID  Runtime      # DAGs    # Errors  Last Runtime    Last Run
-------------------------------------  -----  ---------  --------  ----------  --------------  -------------------
/opt/airflow/dags/coleta_dados_dag.py    361  0.00s             1           0  0.10s           2026-02-25T00:00:32
================================================================================
[2026-02-25T00:01:32.380+0000] {manager.py:879} INFO - 
================================================================================
DAG File Processing Stats

File Path                                PID  Runtime      # DAGs    # Errors  Last Runtime    Last Run
-------------------------------------  -----  ---------  --------  ----------  --------------  -------------------
/opt/airflow/dags/coleta_dados_dag.py    366  0.00s             1           0  0.09s           2026-02-25T00:01:02
================================================================================
[2026-02-25T00:02:02.553+0000] {manager.py:879} INFO - 
================================================================================
DAG File Processing Stats

File Path                                PID  Runtime      # DAGs    # Errors  Last Runtime    Last Run
-------------------------------------  -----  ---------  --------  ----------  --------------  -------------------
/opt/airflow/dags/coleta_dados_dag.py    371  0.00s             1           0  0.10s           2026-02-25T00:01:32
================================================================================
[2026-02-25T00:02:32.667+0000] {manager.py:879} INFO - 
================================================================================
DAG File Processing Stats

File Path                                PID  Runtime      # DAGs    # Errors  Last Runtime    Last Run
-------------------------------------  -----  ---------  --------  ----------  --------------  -------------------
/opt/airflow/dags/coleta_dados_dag.py    376  0.00s             1           0  0.09s           2026-02-25T00:02:02
================================================================================
[2026-02-25T00:03:02.843+0000] {manager.py:879} INFO - 
================================================================================
DAG File Processing Stats

File Path                                PID  Runtime      # DAGs    # Errors  Last Runtime    Last Run
-------------------------------------  -----  ---------  --------  ----------  --------------  -------------------
/opt/airflow/dags/coleta_dados_dag.py    383  0.00s             1           0  0.10s           2026-02-25T00:02:32
================================================================================
[2026-02-25T00:03:32.978+0000] {manager.py:879} INFO - 
================================================================================
DAG File Processing Stats

File Path                                PID  Runtime      # DAGs    # Errors  Last Runtime    Last Run
-------------------------------------  -----  ---------  --------  ----------  --------------  -------------------
/opt/airflow/dags/coleta_dados_dag.py    390  0.01s             1           0  0.09s           2026-02-25T00:03:02
================================================================================
[2026-02-25T00:03:58.105+0000] {manager.py:738} INFO - Searching for files in /opt/airflow/dags
[2026-02-25T00:03:58.106+0000] {manager.py:741} INFO - There are 1 files in /opt/airflow/dags
[2026-02-25T00:04:03.138+0000] {manager.py:879} INFO - 
================================================================================
DAG File Processing Stats

File Path                                PID  Runtime      # DAGs    # Errors  Last Runtime    Last Run
-------------------------------------  -----  ---------  --------  ----------  --------------  -------------------
/opt/airflow/dags/coleta_dados_dag.py    395  0.00s             1           0  0.11s           2026-02-25T00:03:33
================================================================================
[2026-02-25T00:04:33.270+0000] {manager.py:879} INFO - 
================================================================================
DAG File Processing Stats

File Path                                PID  Runtime      # DAGs    # Errors  Last Runtime    Last Run
-------------------------------------  -----  ---------  --------  ----------  --------------  -------------------
/opt/airflow/dags/coleta_dados_dag.py    402  0.00s             1           0  0.09s           2026-02-25T00:04:03
================================================================================
[2026-02-25T00:05:03.420+0000] {manager.py:879} INFO - 
================================================================================
DAG File Processing Stats

File Path                                PID  Runtime      # DAGs    # Errors  Last Runtime    Last Run
-------------------------------------  -----  ---------  --------  ----------  --------------  -------------------
/opt/airflow/dags/coleta_dados_dag.py    407  0.00s             1           0  0.09s           2026-02-25T00:04:33
================================================================================
[2026-02-25T00:05:33.577+0000] {manager.py:879} INFO - 
================================================================================
DAG File Processing Stats

File Path                                PID  Runtime      # DAGs    # Errors  Last Runtime    Last Run
-------------------------------------  -----  ---------  --------  ----------  --------------  -------------------
/opt/airflow/dags/coleta_dados_dag.py    412  0.01s             1           0  0.12s           2026-02-25T00:05:03
================================================================================
[2026-02-25T00:06:03.744+0000] {manager.py:879} INFO - 
================================================================================
DAG File Processing Stats

File Path                                PID  Runtime      # DAGs    # Errors  Last Runtime    Last Run
-------------------------------------  -----  ---------  --------  ----------  --------------  -------------------
/opt/airflow/dags/coleta_dados_dag.py    417  0.00s             1           0  0.12s           2026-02-25T00:05:33
================================================================================
[2026-02-25T00:06:33.930+0000] {manager.py:879} INFO - 
================================================================================
DAG File Processing Stats

File Path                                PID  Runtime      # DAGs    # Errors  Last Runtime    Last Run
-------------------------------------  -----  ---------  --------  ----------  --------------  -------------------
/opt/airflow/dags/coleta_dados_dag.py    424  0.01s             1           0  0.10s           2026-02-25T00:06:03
================================================================================
[2026-02-25T00:07:04.056+0000] {manager.py:879} INFO - 
================================================================================
DAG File Processing Stats

File Path                                PID  Runtime      # DAGs    # Errors  Last Runtime    Last Run
-------------------------------------  -----  ---------  --------  ----------  --------------  -------------------
/opt/airflow/dags/coleta_dados_dag.py    429  0.00s             1           0  0.10s           2026-02-25T00:06:34
================================================================================
[2026-02-25T00:07:34.219+0000] {manager.py:879} INFO - 
================================================================================
DAG File Processing Stats

File Path                                PID  Runtime      # DAGs    # Errors  Last Runtime    Last Run
-------------------------------------  -----  ---------  --------  ----------  --------------  -------------------
/opt/airflow/dags/coleta_dados_dag.py    434  0.00s             1           0  0.09s           2026-02-25T00:07:04
================================================================================
