[2026-02-24T23:59:00.996+0000] {taskinstance.py:1957} INFO - Dependencies all met for dep_context=non-requeueable deps ti=<TaskInstance: coleta_dados_bi.verificar_api scheduled__2026-02-23T07:00:00+00:00 [queued]>
[2026-02-24T23:59:01.002+0000] {taskinstance.py:1957} INFO - Dependencies all met for dep_context=requeueable deps ti=<TaskInstance: coleta_dados_bi.verificar_api scheduled__2026-02-23T07:00:00+00:00 [queued]>
[2026-02-24T23:59:01.002+0000] {taskinstance.py:2171} INFO - Starting attempt 4 of 4
[2026-02-24T23:59:01.012+0000] {taskinstance.py:2192} INFO - Executing <Task(PythonOperator): verificar_api> on 2026-02-23 07:00:00+00:00
[2026-02-24T23:59:01.018+0000] {standard_task_runner.py:60} INFO - Started process 338 to run task
[2026-02-24T23:59:01.021+0000] {standard_task_runner.py:87} INFO - Running: ['***', 'tasks', 'run', 'coleta_dados_bi', 'verificar_api', 'scheduled__2026-02-23T07:00:00+00:00', '--job-id', '7', '--raw', '--subdir', 'DAGS_FOLDER/coleta_dados_dag.py', '--cfg-path', '/tmp/tmpluf5u_a7']
[2026-02-24T23:59:01.023+0000] {standard_task_runner.py:88} INFO - Job 7: Subtask verificar_api
[2026-02-24T23:59:01.072+0000] {task_command.py:423} INFO - Running <TaskInstance: coleta_dados_bi.verificar_api scheduled__2026-02-23T07:00:00+00:00 [running]> on host cdb1024eab5d
[2026-02-24T23:59:01.144+0000] {taskinstance.py:2481} INFO - Exporting env vars: AIRFLOW_CTX_DAG_OWNER='equipe-bi' AIRFLOW_CTX_DAG_ID='coleta_dados_bi' AIRFLOW_CTX_TASK_ID='verificar_api' AIRFLOW_CTX_EXECUTION_DATE='2026-02-23T07:00:00+00:00' AIRFLOW_CTX_TRY_NUMBER='4' AIRFLOW_CTX_DAG_RUN_ID='scheduled__2026-02-23T07:00:00+00:00'
[2026-02-24T23:59:01.145+0000] {coleta_dados_dag.py:34} INFO - Verificando disponibilidade da API...
[2026-02-24T23:59:01.325+0000] {taskinstance.py:2699} ERROR - Task failed with exception
Traceback (most recent call last):
  File "/home/airflow/.local/lib/python3.8/site-packages/airflow/models/taskinstance.py", line 433, in _execute_task
    result = execute_callable(context=context, **execute_callable_kwargs)
  File "/home/airflow/.local/lib/python3.8/site-packages/airflow/operators/python.py", line 199, in execute
    return_value = self.execute_callable()
  File "/home/airflow/.local/lib/python3.8/site-packages/airflow/operators/python.py", line 216, in execute_callable
    return self.python_callable(*self.op_args, **self.op_kwargs)
  File "/opt/airflow/dags/coleta_dados_dag.py", line 37, in verificar_api
    resp.raise_for_status()
  File "/home/airflow/.local/lib/python3.8/site-packages/requests/models.py", line 1021, in raise_for_status
    raise HTTPError(http_error_msg, response=self)
requests.exceptions.HTTPError: 429 Client Error: Too Many Requests for url: https://economia.awesomeapi.com.br/json/last/USD-BRL
[2026-02-24T23:59:01.335+0000] {taskinstance.py:1138} INFO - Marking task as FAILED. dag_id=coleta_dados_bi, task_id=verificar_api, execution_date=20260223T070000, start_date=20260224T235900, end_date=20260224T235901
[2026-02-24T23:59:01.344+0000] {standard_task_runner.py:107} ERROR - Failed to execute job 7 for task verificar_api (429 Client Error: Too Many Requests for url: https://economia.awesomeapi.com.br/json/last/USD-BRL; 338)
[2026-02-24T23:59:01.354+0000] {local_task_job_runner.py:234} INFO - Task exited with return code 1
[2026-02-24T23:59:01.375+0000] {taskinstance.py:3281} INFO - 0 downstream tasks scheduled from follow-on schedule check
